AR trigger_recv_blk behavioral D:/cbradford/NewADCFirmware/GEL_CAPTAN/trigger_recv_blk.vhd sub00/vhpl61 1473433861
AR peakfinder behavioral D:/cbradford/NewADCFirmware/GEL_CAPTAN/PeakFinder.vhd sub00/vhpl69 1473433869
EN address_container NULL D:/cbradford/NewADCFirmware/oei/address_container.vhd sub00/vhpl02 1473433802
AR m2_1_mxilinx_top_level behavioral D:/cbradford/NewADCFirmware/GEL_CAPTAN/TOP_LEVEL.vhf sub00/vhpl81 1473433881
EN ethernet_controller NULL D:/cbradford/NewADCFirmware/oei/ethernet_controller.vhd sub00/vhpl40 1473433840
AR reset_mgr behavioral D:/cbradford/NewADCFirmware/oei/reset_mgr.vhd sub00/vhpl53 1473433853
EN filter_data_out NULL D:/cbradford/NewADCFirmware/oei/filter_data_out.vhd sub00/vhpl16 1473433816
PH params_package NULL D:/cbradford/NewADCFirmware/oei/params_package.vhd sub00/vhpl00 1473433800
EN ethernet_controller_wrapper NULL D:/cbradford/NewADCFirmware/oei/ethernet_controller_wrapper.vhd sub00/vhpl46 1473433846
AR addr_fifo addr_fifo_a D:/cbradford/NewADCFirmware/ipcore_dir/ADDR_FIFO.vhd sub00/vhpl31 1473433831
EN reset_mgr NULL D:/cbradford/NewADCFirmware/oei/reset_mgr.vhd sub00/vhpl52 1473433852
AR ram_comm_dec arch D:/cbradford/NewADCFirmware/oei/ram_comm_dec.vhd sub00/vhpl37 1473433837
EN ip_checksum_calc NULL D:/cbradford/NewADCFirmware/oei/ip_checksum_calc.vhd sub00/vhpl08 1473433808
EN fd8re_mxilinx_top_level NULL D:/cbradford/NewADCFirmware/GEL_CAPTAN/TOP_LEVEL.vhf sub00/vhpl76 1473433876
EN data_manager NULL D:/cbradford/NewADCFirmware/oei/data_manager.vhd sub00/vhpl48 1473433848
EN burst_controller_sm NULL D:/cbradford/NewADCFirmware/oei/burst_controller_sm.vhd sub00/vhpl32 1473433832
AR buffer_10bit behavioral D:/cbradford/NewADCFirmware/GEL_CAPTAN/buffer_10bit.vhd sub00/vhpl59 1473433859
EN dataout_mux NULL D:/cbradford/NewADCFirmware/oei/dataout_mux.vhd sub00/vhpl12 1473433812
AR burst_traffic_controller burst_traffic_controller_arch D:/cbradford/NewADCFirmware/oei/burst_traffic_controller.vhd sub00/vhpl51 1473433851
AR version_blk behavioral D:/cbradford/NewADCFirmware/GEL_CAPTAN/VERSION_BLK.vhd sub00/vhpl55 1473433855
EN data_fifo_0 NULL D:/cbradford/NewADCFirmware/ipcore_dir/DATA_FIFO_0.vhd sub00/vhpl26 1473433826
AR udp_data_splicer udp_data_splicer_arch D:/cbradford/NewADCFirmware/oei/udp_data_splicer.vhd sub00/vhpl23 1473433823
AR address_container arch D:/cbradford/NewADCFirmware/oei/address_container.vhd sub00/vhpl03 1473433803
AR top_level behavioral D:/cbradford/NewADCFirmware/GEL_CAPTAN/TOP_LEVEL.vhf sub00/vhpl85 1473433885
AR mux64_8 behavioral D:/cbradford/NewADCFirmware/GEL_CAPTAN/MUX64_8.vhd sub00/vhpl57 1473433857
EN or33 NULL D:/cbradford/NewADCFirmware/oei/or33.vhd sub00/vhpl06 1473433806
EN d4_16e_mxilinx_top_level NULL D:/cbradford/NewADCFirmware/GEL_CAPTAN/TOP_LEVEL.vhf sub00/vhpl82 1473433882
AR tx_seq_ctl arch D:/cbradford/NewADCFirmware/oei/tx_seq_ctl.vhd sub00/vhpl39 1473433839
AR ethernet_fifo ethernet_fifo_a D:/cbradford/NewADCFirmware/GEL_CAPTAN/ipcore_dir/ethernet_FIFO.vhd sub00/vhpl67 1473433867
AR icmp_ping_shift_reg arch D:/cbradford/NewADCFirmware/oei/icmp_ping_shift_reg.vhd sub00/vhpl21 1473433821
AR fd16re_mxilinx_top_level behavioral D:/cbradford/NewADCFirmware/GEL_CAPTAN/TOP_LEVEL.vhf sub00/vhpl79 1473433879
AR decipherer decipherer_arch D:/cbradford/NewADCFirmware/oei/decipherer.vhd sub00/vhpl15 1473433815
EN ram_comm_dec NULL D:/cbradford/NewADCFirmware/oei/ram_comm_dec.vhd sub00/vhpl36 1473433836
EN tx_seq_ctl NULL D:/cbradford/NewADCFirmware/oei/tx_seq_ctl.vhd sub00/vhpl38 1473433838
AR ethernet_controller_wrapper arch D:/cbradford/NewADCFirmware/oei/ethernet_controller_wrapper.vhd sub00/vhpl47 1473433847
EN rx_ctl NULL D:/cbradford/NewADCFirmware/oei/rx_ctl.vhd sub00/vhpl34 1473433834
AR filter_data_out filter_data_out_arch D:/cbradford/NewADCFirmware/oei/filter_data_out.vhd sub00/vhpl17 1473433817
AR psudodata behavioral D:/cbradford/NewADCFirmware/GEL_CAPTAN/psudoData.vhd sub00/vhpl73 1473433873
MO crc_gen NULL ../oei/crc_gen.v vlg21/crc__gen.bin 1473433800
EN pulser NULL D:/cbradford/NewADCFirmware/GEL_CAPTAN/Pulser.vhd sub00/vhpl64 1473433864
AR info_fifo_0 info_fifo_0_a D:/cbradford/NewADCFirmware/ipcore_dir/INFO_FIFO_0.vhd sub00/vhpl29 1473433829
AR pulser behavioral D:/cbradford/NewADCFirmware/GEL_CAPTAN/Pulser.vhd sub00/vhpl65 1473433865
AR psudo_data_allone behavioral D:/cbradford/NewADCFirmware/GEL_CAPTAN/psudo_data_allOne.vhd sub00/vhpl75 1473433875
EN version_blk NULL D:/cbradford/NewADCFirmware/GEL_CAPTAN/VERSION_BLK.vhd sub00/vhpl54 1473433854
AR data_send behavioral D:/cbradford/NewADCFirmware/GEL_CAPTAN/data_send.vhd sub00/vhpl71 1473433871
AR rx_ctl arch D:/cbradford/NewADCFirmware/oei/rx_ctl.vhd sub00/vhpl35 1473433835
EN peakfinder NULL D:/cbradford/NewADCFirmware/GEL_CAPTAN/PeakFinder.vhd sub00/vhpl68 1473433868
AR data_fifo_0 data_fifo_0_a D:/cbradford/NewADCFirmware/ipcore_dir/DATA_FIFO_0.vhd sub00/vhpl27 1473433827
AR ip_checksum_calc arch D:/cbradford/NewADCFirmware/oei/ip_checksum_calc.vhd sub00/vhpl09 1473433809
EN create_packet NULL D:/cbradford/NewADCFirmware/oei/create_packet.vhd sub00/vhpl10 1473433810
AR burst_controller_sm burst_controller_sm_arch D:/cbradford/NewADCFirmware/oei/burst_controller_sm.vhd sub00/vhpl33 1473433833
AR crc_splice arch D:/cbradford/NewADCFirmware/oei/crc_splice.vhd sub00/vhpl45 1473433845
AR d4_16e_mxilinx_top_level behavioral D:/cbradford/NewADCFirmware/GEL_CAPTAN/TOP_LEVEL.vhf sub00/vhpl83 1473433883
AR fd8re_mxilinx_top_level behavioral D:/cbradford/NewADCFirmware/GEL_CAPTAN/TOP_LEVEL.vhf sub00/vhpl77 1473433877
EN icmp_ping_shift_reg NULL D:/cbradford/NewADCFirmware/oei/icmp_ping_shift_reg.vhd sub00/vhpl20 1473433820
EN ethernet_fifo NULL D:/cbradford/NewADCFirmware/GEL_CAPTAN/ipcore_dir/ethernet_FIFO.vhd sub00/vhpl66 1473433866
AR ethernet_controller arch D:/cbradford/NewADCFirmware/oei/ethernet_controller.vhd sub00/vhpl41 1473433841
EN data_send NULL D:/cbradford/NewADCFirmware/GEL_CAPTAN/data_send.vhd sub00/vhpl70 1473433870
EN psudo_data_allone NULL D:/cbradford/NewADCFirmware/GEL_CAPTAN/psudo_data_allOne.vhd sub00/vhpl74 1473433874
EN icmp_ping_checksum_calc NULL D:/cbradford/NewADCFirmware/oei/icmp_ping_checksum_calc.vhd sub00/vhpl18 1473433818
AR icmp_ping_checksum_calc icmp_ping_checksum_calc_arch D:/cbradford/NewADCFirmware/oei/icmp_ping_checksum_calc.vhd sub00/vhpl19 1473433819
AR user_addrs_mux user_addrs_mux_arch D:/cbradford/NewADCFirmware/oei/user_addrs_mux.vhd sub00/vhpl25 1473433825
EN m2_1_mxilinx_top_level NULL D:/cbradford/NewADCFirmware/GEL_CAPTAN/TOP_LEVEL.vhf sub00/vhpl80 1473433880
EN psudodata NULL D:/cbradford/NewADCFirmware/GEL_CAPTAN/psudoData.vhd sub00/vhpl72 1473433872
EN buffer_10bit NULL D:/cbradford/NewADCFirmware/GEL_CAPTAN/buffer_10bit.vhd sub00/vhpl58 1473433858
AR create_packet create_packet_arch D:/cbradford/NewADCFirmware/oei/create_packet.vhd sub00/vhpl11 1473433811
EN burst_traffic_controller NULL D:/cbradford/NewADCFirmware/oei/burst_traffic_controller.vhd sub00/vhpl50 1473433850
AR or33 or33_arch D:/cbradford/NewADCFirmware/oei/or33.vhd sub00/vhpl07 1473433807
AR arp_reply arp_reply_arch D:/cbradford/NewADCFirmware/oei/arp_reply.vhd sub00/vhpl05 1473433805
EN user_addrs_mux NULL D:/cbradford/NewADCFirmware/oei/user_addrs_mux.vhd sub00/vhpl24 1473433824
EN trigger_recv_blk NULL D:/cbradford/NewADCFirmware/GEL_CAPTAN/trigger_recv_blk.vhd sub00/vhpl60 1473433860
EN mii_100_1000_handler NULL D:/cbradford/NewADCFirmware/oei/xmii_handler.vhd sub00/vhpl42 1473433842
EN crc_splice NULL D:/cbradford/NewADCFirmware/oei/crc_splice.vhd sub00/vhpl44 1473433844
AR ethernet_interface behavioral D:/cbradford/NewADCFirmware/oei/ethernet_interface.vhd sub00/vhpl63 1473433863
EN ethernet_interface NULL D:/cbradford/NewADCFirmware/oei/ethernet_interface.vhd sub00/vhpl62 1473433862
EN fd16re_mxilinx_top_level NULL D:/cbradford/NewADCFirmware/GEL_CAPTAN/TOP_LEVEL.vhf sub00/vhpl78 1473433878
EN udp_data_splicer NULL D:/cbradford/NewADCFirmware/oei/udp_data_splicer.vhd sub00/vhpl22 1473433822
AR dataout_mux dataout_mux_arch D:/cbradford/NewADCFirmware/oei/dataout_mux.vhd sub00/vhpl13 1473433813
AR data_manager behavioral D:/cbradford/NewADCFirmware/oei/data_manager.vhd sub00/vhpl49 1473433849
EN info_fifo_0 NULL D:/cbradford/NewADCFirmware/ipcore_dir/INFO_FIFO_0.vhd sub00/vhpl28 1473433828
EN arp_reply NULL D:/cbradford/NewADCFirmware/oei/arp_reply.vhd sub00/vhpl04 1473433804
MO crc_chk NULL ../oei/crc_chk.v vlg49/crc__chk.bin 1473433800
AR mii_100_1000_handler arch D:/cbradford/NewADCFirmware/oei/xmii_handler.vhd sub00/vhpl43 1473433843
PB params_package params_package D:/cbradford/NewADCFirmware/oei/params_package.vhd sub00/vhpl01 1473433801
EN mux64_8 NULL D:/cbradford/NewADCFirmware/GEL_CAPTAN/MUX64_8.vhd sub00/vhpl56 1473433856
EN top_level NULL D:/cbradford/NewADCFirmware/GEL_CAPTAN/TOP_LEVEL.vhf sub00/vhpl84 1473433884
EN decipherer NULL D:/cbradford/NewADCFirmware/oei/decipherer.vhd sub00/vhpl14 1473433814
EN addr_fifo NULL D:/cbradford/NewADCFirmware/ipcore_dir/ADDR_FIFO.vhd sub00/vhpl30 1473433830
