AR trigger_recv_blk behavioral D:/cbradford/NewADCFirmware/GEL_CAPTAN/trigger_recv_blk.vhd sub00/vhpl61 1474036638
AR peakfinder behavioral D:/cbradford/NewADCFirmware/GEL_CAPTAN/PeakFinder.vhd sub00/vhpl69 1474036646
EN address_container NULL D:/cbradford/NewADCFirmware/oei/address_container.vhd sub00/vhpl02 1474036579
AR m2_1_mxilinx_top_level behavioral D:/cbradford/NewADCFirmware/GEL_CAPTAN/TOP_LEVEL.vhf sub00/vhpl81 1474036658
EN ethernet_controller NULL D:/cbradford/NewADCFirmware/oei/ethernet_controller.vhd sub00/vhpl40 1474036617
AR reset_mgr behavioral D:/cbradford/NewADCFirmware/oei/reset_mgr.vhd sub00/vhpl53 1474036630
EN filter_data_out NULL D:/cbradford/NewADCFirmware/oei/filter_data_out.vhd sub00/vhpl16 1474036593
PH params_package NULL D:/cbradford/NewADCFirmware/oei/params_package.vhd sub00/vhpl00 1474036577
EN ethernet_controller_wrapper NULL D:/cbradford/NewADCFirmware/oei/ethernet_controller_wrapper.vhd sub00/vhpl46 1474036623
AR addr_fifo addr_fifo_a D:/cbradford/NewADCFirmware/ipcore_dir/ADDR_FIFO.vhd sub00/vhpl31 1474036608
EN reset_mgr NULL D:/cbradford/NewADCFirmware/oei/reset_mgr.vhd sub00/vhpl52 1474036629
AR ram_comm_dec arch D:/cbradford/NewADCFirmware/oei/ram_comm_dec.vhd sub00/vhpl37 1474036614
EN ip_checksum_calc NULL D:/cbradford/NewADCFirmware/oei/ip_checksum_calc.vhd sub00/vhpl08 1474036585
EN fd8re_mxilinx_top_level NULL D:/cbradford/NewADCFirmware/GEL_CAPTAN/TOP_LEVEL.vhf sub00/vhpl76 1474036653
EN data_manager NULL D:/cbradford/NewADCFirmware/oei/data_manager.vhd sub00/vhpl48 1474036625
EN burst_controller_sm NULL D:/cbradford/NewADCFirmware/oei/burst_controller_sm.vhd sub00/vhpl32 1474036609
AR buffer_10bit behavioral D:/cbradford/NewADCFirmware/GEL_CAPTAN/buffer_10bit.vhd sub00/vhpl59 1474036636
EN dataout_mux NULL D:/cbradford/NewADCFirmware/oei/dataout_mux.vhd sub00/vhpl12 1474036589
AR burst_traffic_controller burst_traffic_controller_arch D:/cbradford/NewADCFirmware/oei/burst_traffic_controller.vhd sub00/vhpl51 1474036628
AR version_blk behavioral D:/cbradford/NewADCFirmware/GEL_CAPTAN/VERSION_BLK.vhd sub00/vhpl55 1474036632
EN data_fifo_0 NULL D:/cbradford/NewADCFirmware/ipcore_dir/DATA_FIFO_0.vhd sub00/vhpl26 1474036603
AR udp_data_splicer udp_data_splicer_arch D:/cbradford/NewADCFirmware/oei/udp_data_splicer.vhd sub00/vhpl23 1474036600
AR address_container arch D:/cbradford/NewADCFirmware/oei/address_container.vhd sub00/vhpl03 1474036580
AR top_level behavioral D:/cbradford/NewADCFirmware/GEL_CAPTAN/TOP_LEVEL.vhf sub00/vhpl85 1474036662
AR mux64_8 behavioral D:/cbradford/NewADCFirmware/GEL_CAPTAN/MUX64_8.vhd sub00/vhpl57 1474036634
EN or33 NULL D:/cbradford/NewADCFirmware/oei/or33.vhd sub00/vhpl06 1474036583
EN d4_16e_mxilinx_top_level NULL D:/cbradford/NewADCFirmware/GEL_CAPTAN/TOP_LEVEL.vhf sub00/vhpl82 1474036659
AR tx_seq_ctl arch D:/cbradford/NewADCFirmware/oei/tx_seq_ctl.vhd sub00/vhpl39 1474036616
AR ethernet_fifo ethernet_fifo_a D:/cbradford/NewADCFirmware/GEL_CAPTAN/ipcore_dir/ethernet_FIFO.vhd sub00/vhpl67 1474036644
AR icmp_ping_shift_reg arch D:/cbradford/NewADCFirmware/oei/icmp_ping_shift_reg.vhd sub00/vhpl21 1474036598
AR fd16re_mxilinx_top_level behavioral D:/cbradford/NewADCFirmware/GEL_CAPTAN/TOP_LEVEL.vhf sub00/vhpl79 1474036656
AR decipherer decipherer_arch D:/cbradford/NewADCFirmware/oei/decipherer.vhd sub00/vhpl15 1474036592
EN ram_comm_dec NULL D:/cbradford/NewADCFirmware/oei/ram_comm_dec.vhd sub00/vhpl36 1474036613
EN tx_seq_ctl NULL D:/cbradford/NewADCFirmware/oei/tx_seq_ctl.vhd sub00/vhpl38 1474036615
AR ethernet_controller_wrapper arch D:/cbradford/NewADCFirmware/oei/ethernet_controller_wrapper.vhd sub00/vhpl47 1474036624
EN rx_ctl NULL D:/cbradford/NewADCFirmware/oei/rx_ctl.vhd sub00/vhpl34 1474036611
AR filter_data_out filter_data_out_arch D:/cbradford/NewADCFirmware/oei/filter_data_out.vhd sub00/vhpl17 1474036594
AR psudodata behavioral D:/cbradford/NewADCFirmware/GEL_CAPTAN/psudoData.vhd sub00/vhpl73 1474036650
MO crc_gen NULL ../oei/crc_gen.v vlg21/crc__gen.bin 1474036577
EN pulser NULL D:/cbradford/NewADCFirmware/GEL_CAPTAN/Pulser.vhd sub00/vhpl64 1474036641
AR info_fifo_0 info_fifo_0_a D:/cbradford/NewADCFirmware/ipcore_dir/INFO_FIFO_0.vhd sub00/vhpl29 1474036606
AR pulser behavioral D:/cbradford/NewADCFirmware/GEL_CAPTAN/Pulser.vhd sub00/vhpl65 1474036642
AR psudo_data_allone behavioral D:/cbradford/NewADCFirmware/GEL_CAPTAN/psudo_data_allOne.vhd sub00/vhpl75 1474036652
EN version_blk NULL D:/cbradford/NewADCFirmware/GEL_CAPTAN/VERSION_BLK.vhd sub00/vhpl54 1474036631
AR data_send behavioral D:/cbradford/NewADCFirmware/GEL_CAPTAN/data_send.vhd sub00/vhpl71 1474036648
AR rx_ctl arch D:/cbradford/NewADCFirmware/oei/rx_ctl.vhd sub00/vhpl35 1474036612
EN peakfinder NULL D:/cbradford/NewADCFirmware/GEL_CAPTAN/PeakFinder.vhd sub00/vhpl68 1474036645
AR data_fifo_0 data_fifo_0_a D:/cbradford/NewADCFirmware/ipcore_dir/DATA_FIFO_0.vhd sub00/vhpl27 1474036604
AR ip_checksum_calc arch D:/cbradford/NewADCFirmware/oei/ip_checksum_calc.vhd sub00/vhpl09 1474036586
EN create_packet NULL D:/cbradford/NewADCFirmware/oei/create_packet.vhd sub00/vhpl10 1474036587
AR burst_controller_sm burst_controller_sm_arch D:/cbradford/NewADCFirmware/oei/burst_controller_sm.vhd sub00/vhpl33 1474036610
AR crc_splice arch D:/cbradford/NewADCFirmware/oei/crc_splice.vhd sub00/vhpl45 1474036622
AR d4_16e_mxilinx_top_level behavioral D:/cbradford/NewADCFirmware/GEL_CAPTAN/TOP_LEVEL.vhf sub00/vhpl83 1474036660
AR fd8re_mxilinx_top_level behavioral D:/cbradford/NewADCFirmware/GEL_CAPTAN/TOP_LEVEL.vhf sub00/vhpl77 1474036654
EN icmp_ping_shift_reg NULL D:/cbradford/NewADCFirmware/oei/icmp_ping_shift_reg.vhd sub00/vhpl20 1474036597
EN ethernet_fifo NULL D:/cbradford/NewADCFirmware/GEL_CAPTAN/ipcore_dir/ethernet_FIFO.vhd sub00/vhpl66 1474036643
AR ethernet_controller arch D:/cbradford/NewADCFirmware/oei/ethernet_controller.vhd sub00/vhpl41 1474036618
EN data_send NULL D:/cbradford/NewADCFirmware/GEL_CAPTAN/data_send.vhd sub00/vhpl70 1474036647
EN psudo_data_allone NULL D:/cbradford/NewADCFirmware/GEL_CAPTAN/psudo_data_allOne.vhd sub00/vhpl74 1474036651
EN icmp_ping_checksum_calc NULL D:/cbradford/NewADCFirmware/oei/icmp_ping_checksum_calc.vhd sub00/vhpl18 1474036595
AR icmp_ping_checksum_calc icmp_ping_checksum_calc_arch D:/cbradford/NewADCFirmware/oei/icmp_ping_checksum_calc.vhd sub00/vhpl19 1474036596
AR user_addrs_mux user_addrs_mux_arch D:/cbradford/NewADCFirmware/oei/user_addrs_mux.vhd sub00/vhpl25 1474036602
EN m2_1_mxilinx_top_level NULL D:/cbradford/NewADCFirmware/GEL_CAPTAN/TOP_LEVEL.vhf sub00/vhpl80 1474036657
EN psudodata NULL D:/cbradford/NewADCFirmware/GEL_CAPTAN/psudoData.vhd sub00/vhpl72 1474036649
EN buffer_10bit NULL D:/cbradford/NewADCFirmware/GEL_CAPTAN/buffer_10bit.vhd sub00/vhpl58 1474036635
AR create_packet create_packet_arch D:/cbradford/NewADCFirmware/oei/create_packet.vhd sub00/vhpl11 1474036588
EN burst_traffic_controller NULL D:/cbradford/NewADCFirmware/oei/burst_traffic_controller.vhd sub00/vhpl50 1474036627
AR or33 or33_arch D:/cbradford/NewADCFirmware/oei/or33.vhd sub00/vhpl07 1474036584
AR arp_reply arp_reply_arch D:/cbradford/NewADCFirmware/oei/arp_reply.vhd sub00/vhpl05 1474036582
EN user_addrs_mux NULL D:/cbradford/NewADCFirmware/oei/user_addrs_mux.vhd sub00/vhpl24 1474036601
EN trigger_recv_blk NULL D:/cbradford/NewADCFirmware/GEL_CAPTAN/trigger_recv_blk.vhd sub00/vhpl60 1474036637
EN mii_100_1000_handler NULL D:/cbradford/NewADCFirmware/oei/xmii_handler.vhd sub00/vhpl42 1474036619
EN crc_splice NULL D:/cbradford/NewADCFirmware/oei/crc_splice.vhd sub00/vhpl44 1474036621
AR ethernet_interface behavioral D:/cbradford/NewADCFirmware/oei/ethernet_interface.vhd sub00/vhpl63 1474036640
EN ethernet_interface NULL D:/cbradford/NewADCFirmware/oei/ethernet_interface.vhd sub00/vhpl62 1474036639
EN fd16re_mxilinx_top_level NULL D:/cbradford/NewADCFirmware/GEL_CAPTAN/TOP_LEVEL.vhf sub00/vhpl78 1474036655
EN udp_data_splicer NULL D:/cbradford/NewADCFirmware/oei/udp_data_splicer.vhd sub00/vhpl22 1474036599
AR dataout_mux dataout_mux_arch D:/cbradford/NewADCFirmware/oei/dataout_mux.vhd sub00/vhpl13 1474036590
AR data_manager behavioral D:/cbradford/NewADCFirmware/oei/data_manager.vhd sub00/vhpl49 1474036626
EN info_fifo_0 NULL D:/cbradford/NewADCFirmware/ipcore_dir/INFO_FIFO_0.vhd sub00/vhpl28 1474036605
EN arp_reply NULL D:/cbradford/NewADCFirmware/oei/arp_reply.vhd sub00/vhpl04 1474036581
MO crc_chk NULL ../oei/crc_chk.v vlg49/crc__chk.bin 1474036577
AR mii_100_1000_handler arch D:/cbradford/NewADCFirmware/oei/xmii_handler.vhd sub00/vhpl43 1474036620
PB params_package params_package D:/cbradford/NewADCFirmware/oei/params_package.vhd sub00/vhpl01 1474036578
EN mux64_8 NULL D:/cbradford/NewADCFirmware/GEL_CAPTAN/MUX64_8.vhd sub00/vhpl56 1474036633
EN top_level NULL D:/cbradford/NewADCFirmware/GEL_CAPTAN/TOP_LEVEL.vhf sub00/vhpl84 1474036661
EN decipherer NULL D:/cbradford/NewADCFirmware/oei/decipherer.vhd sub00/vhpl14 1474036591
EN addr_fifo NULL D:/cbradford/NewADCFirmware/ipcore_dir/ADDR_FIFO.vhd sub00/vhpl30 1474036607
