AR trigger_recv_blk behavioral D:/cbradford/NewADCFirmware/GEL_CAPTAN/trigger_recv_blk.vhd sub00/vhpl61 1475262450
AR peakfinder behavioral D:/cbradford/NewADCFirmware/GEL_CAPTAN/PeakFinder.vhd sub00/vhpl69 1475262458
EN address_container NULL D:/cbradford/NewADCFirmware/oei/address_container.vhd sub00/vhpl02 1475262391
AR m2_1_mxilinx_top_level behavioral D:/cbradford/NewADCFirmware/GEL_CAPTAN/TOP_LEVEL.vhf sub00/vhpl83 1475262472
EN ethernet_controller NULL D:/cbradford/NewADCFirmware/oei/ethernet_controller.vhd sub00/vhpl40 1475262429
AR reset_mgr behavioral D:/cbradford/NewADCFirmware/oei/reset_mgr.vhd sub00/vhpl53 1475262442
EN filter_data_out NULL D:/cbradford/NewADCFirmware/oei/filter_data_out.vhd sub00/vhpl16 1475262405
PH params_package NULL D:/cbradford/NewADCFirmware/oei/params_package.vhd sub00/vhpl00 1475262389
EN ethernet_controller_wrapper NULL D:/cbradford/NewADCFirmware/oei/ethernet_controller_wrapper.vhd sub00/vhpl46 1475262435
AR addr_fifo addr_fifo_a D:/cbradford/NewADCFirmware/ipcore_dir/ADDR_FIFO.vhd sub00/vhpl31 1475262420
EN reset_mgr NULL D:/cbradford/NewADCFirmware/oei/reset_mgr.vhd sub00/vhpl52 1475262441
AR ram_comm_dec arch D:/cbradford/NewADCFirmware/oei/ram_comm_dec.vhd sub00/vhpl37 1475262426
EN ip_checksum_calc NULL D:/cbradford/NewADCFirmware/oei/ip_checksum_calc.vhd sub00/vhpl08 1475262397
EN fd8re_mxilinx_top_level NULL D:/cbradford/NewADCFirmware/GEL_CAPTAN/TOP_LEVEL.vhf sub00/vhpl78 1475262467
EN data_manager NULL D:/cbradford/NewADCFirmware/oei/data_manager.vhd sub00/vhpl48 1475262437
EN burst_controller_sm NULL D:/cbradford/NewADCFirmware/oei/burst_controller_sm.vhd sub00/vhpl32 1475262421
AR buffer_10bit behavioral D:/cbradford/NewADCFirmware/GEL_CAPTAN/buffer_10bit.vhd sub00/vhpl59 1475262448
EN dataout_mux NULL D:/cbradford/NewADCFirmware/oei/dataout_mux.vhd sub00/vhpl12 1475262401
AR burst_traffic_controller burst_traffic_controller_arch D:/cbradford/NewADCFirmware/oei/burst_traffic_controller.vhd sub00/vhpl51 1475262440
AR version_blk behavioral D:/cbradford/NewADCFirmware/GEL_CAPTAN/VERSION_BLK.vhd sub00/vhpl55 1475262444
EN data_fifo_0 NULL D:/cbradford/NewADCFirmware/ipcore_dir/DATA_FIFO_0.vhd sub00/vhpl26 1475262415
AR udp_data_splicer udp_data_splicer_arch D:/cbradford/NewADCFirmware/oei/udp_data_splicer.vhd sub00/vhpl23 1475262412
AR address_container arch D:/cbradford/NewADCFirmware/oei/address_container.vhd sub00/vhpl03 1475262392
AR top_level behavioral D:/cbradford/NewADCFirmware/GEL_CAPTAN/TOP_LEVEL.vhf sub00/vhpl87 1475262476
AR mux64_8 behavioral D:/cbradford/NewADCFirmware/GEL_CAPTAN/MUX64_8.vhd sub00/vhpl57 1475262446
EN or33 NULL D:/cbradford/NewADCFirmware/oei/or33.vhd sub00/vhpl06 1475262395
EN d4_16e_mxilinx_top_level NULL D:/cbradford/NewADCFirmware/GEL_CAPTAN/TOP_LEVEL.vhf sub00/vhpl84 1475262473
AR tx_seq_ctl arch D:/cbradford/NewADCFirmware/oei/tx_seq_ctl.vhd sub00/vhpl39 1475262428
AR ethernet_fifo ethernet_fifo_a D:/cbradford/NewADCFirmware/GEL_CAPTAN/ipcore_dir/ethernet_FIFO.vhd sub00/vhpl67 1475262456
AR icmp_ping_shift_reg arch D:/cbradford/NewADCFirmware/oei/icmp_ping_shift_reg.vhd sub00/vhpl21 1475262410
AR fd16re_mxilinx_top_level behavioral D:/cbradford/NewADCFirmware/GEL_CAPTAN/TOP_LEVEL.vhf sub00/vhpl81 1475262470
AR clocklatchsignals behavioral D:/cbradford/NewADCFirmware/GEL_CAPTAN/ClockLatchSignals.vhd sub00/vhpl77 1475262466
AR decipherer decipherer_arch D:/cbradford/NewADCFirmware/oei/decipherer.vhd sub00/vhpl15 1475262404
EN ram_comm_dec NULL D:/cbradford/NewADCFirmware/oei/ram_comm_dec.vhd sub00/vhpl36 1475262425
EN tx_seq_ctl NULL D:/cbradford/NewADCFirmware/oei/tx_seq_ctl.vhd sub00/vhpl38 1475262427
AR ethernet_controller_wrapper arch D:/cbradford/NewADCFirmware/oei/ethernet_controller_wrapper.vhd sub00/vhpl47 1475262436
EN rx_ctl NULL D:/cbradford/NewADCFirmware/oei/rx_ctl.vhd sub00/vhpl34 1475262423
AR filter_data_out filter_data_out_arch D:/cbradford/NewADCFirmware/oei/filter_data_out.vhd sub00/vhpl17 1475262406
AR psudodata behavioral D:/cbradford/NewADCFirmware/GEL_CAPTAN/psudoData.vhd sub00/vhpl73 1475262462
MO crc_gen NULL ../oei/crc_gen.v vlg21/crc__gen.bin 1475262390
EN pulser NULL D:/cbradford/NewADCFirmware/GEL_CAPTAN/Pulser.vhd sub00/vhpl64 1475262453
AR info_fifo_0 info_fifo_0_a D:/cbradford/NewADCFirmware/ipcore_dir/INFO_FIFO_0.vhd sub00/vhpl29 1475262418
AR pulser behavioral D:/cbradford/NewADCFirmware/GEL_CAPTAN/Pulser.vhd sub00/vhpl65 1475262454
AR psudo_data_allone behavioral D:/cbradford/NewADCFirmware/GEL_CAPTAN/psudo_data_allOne.vhd sub00/vhpl75 1475262464
EN version_blk NULL D:/cbradford/NewADCFirmware/GEL_CAPTAN/VERSION_BLK.vhd sub00/vhpl54 1475262443
AR data_send behavioral D:/cbradford/NewADCFirmware/GEL_CAPTAN/data_send.vhd sub00/vhpl71 1475262460
AR rx_ctl arch D:/cbradford/NewADCFirmware/oei/rx_ctl.vhd sub00/vhpl35 1475262424
EN peakfinder NULL D:/cbradford/NewADCFirmware/GEL_CAPTAN/PeakFinder.vhd sub00/vhpl68 1475262457
AR data_fifo_0 data_fifo_0_a D:/cbradford/NewADCFirmware/ipcore_dir/DATA_FIFO_0.vhd sub00/vhpl27 1475262416
AR ip_checksum_calc arch D:/cbradford/NewADCFirmware/oei/ip_checksum_calc.vhd sub00/vhpl09 1475262398
EN create_packet NULL D:/cbradford/NewADCFirmware/oei/create_packet.vhd sub00/vhpl10 1475262399
AR burst_controller_sm burst_controller_sm_arch D:/cbradford/NewADCFirmware/oei/burst_controller_sm.vhd sub00/vhpl33 1475262422
AR crc_splice arch D:/cbradford/NewADCFirmware/oei/crc_splice.vhd sub00/vhpl45 1475262434
AR d4_16e_mxilinx_top_level behavioral D:/cbradford/NewADCFirmware/GEL_CAPTAN/TOP_LEVEL.vhf sub00/vhpl85 1475262474
AR fd8re_mxilinx_top_level behavioral D:/cbradford/NewADCFirmware/GEL_CAPTAN/TOP_LEVEL.vhf sub00/vhpl79 1475262468
EN icmp_ping_shift_reg NULL D:/cbradford/NewADCFirmware/oei/icmp_ping_shift_reg.vhd sub00/vhpl20 1475262409
EN ethernet_fifo NULL D:/cbradford/NewADCFirmware/GEL_CAPTAN/ipcore_dir/ethernet_FIFO.vhd sub00/vhpl66 1475262455
AR ethernet_controller arch D:/cbradford/NewADCFirmware/oei/ethernet_controller.vhd sub00/vhpl41 1475262430
EN data_send NULL D:/cbradford/NewADCFirmware/GEL_CAPTAN/data_send.vhd sub00/vhpl70 1475262459
EN psudo_data_allone NULL D:/cbradford/NewADCFirmware/GEL_CAPTAN/psudo_data_allOne.vhd sub00/vhpl74 1475262463
EN icmp_ping_checksum_calc NULL D:/cbradford/NewADCFirmware/oei/icmp_ping_checksum_calc.vhd sub00/vhpl18 1475262407
AR icmp_ping_checksum_calc icmp_ping_checksum_calc_arch D:/cbradford/NewADCFirmware/oei/icmp_ping_checksum_calc.vhd sub00/vhpl19 1475262408
AR user_addrs_mux user_addrs_mux_arch D:/cbradford/NewADCFirmware/oei/user_addrs_mux.vhd sub00/vhpl25 1475262414
EN m2_1_mxilinx_top_level NULL D:/cbradford/NewADCFirmware/GEL_CAPTAN/TOP_LEVEL.vhf sub00/vhpl82 1475262471
EN psudodata NULL D:/cbradford/NewADCFirmware/GEL_CAPTAN/psudoData.vhd sub00/vhpl72 1475262461
EN buffer_10bit NULL D:/cbradford/NewADCFirmware/GEL_CAPTAN/buffer_10bit.vhd sub00/vhpl58 1475262447
AR create_packet create_packet_arch D:/cbradford/NewADCFirmware/oei/create_packet.vhd sub00/vhpl11 1475262400
EN burst_traffic_controller NULL D:/cbradford/NewADCFirmware/oei/burst_traffic_controller.vhd sub00/vhpl50 1475262439
AR or33 or33_arch D:/cbradford/NewADCFirmware/oei/or33.vhd sub00/vhpl07 1475262396
AR arp_reply arp_reply_arch D:/cbradford/NewADCFirmware/oei/arp_reply.vhd sub00/vhpl05 1475262394
EN user_addrs_mux NULL D:/cbradford/NewADCFirmware/oei/user_addrs_mux.vhd sub00/vhpl24 1475262413
EN trigger_recv_blk NULL D:/cbradford/NewADCFirmware/GEL_CAPTAN/trigger_recv_blk.vhd sub00/vhpl60 1475262449
EN mii_100_1000_handler NULL D:/cbradford/NewADCFirmware/oei/xmii_handler.vhd sub00/vhpl42 1475262431
EN crc_splice NULL D:/cbradford/NewADCFirmware/oei/crc_splice.vhd sub00/vhpl44 1475262433
AR ethernet_interface behavioral D:/cbradford/NewADCFirmware/oei/ethernet_interface.vhd sub00/vhpl63 1475262452
EN ethernet_interface NULL D:/cbradford/NewADCFirmware/oei/ethernet_interface.vhd sub00/vhpl62 1475262451
EN fd16re_mxilinx_top_level NULL D:/cbradford/NewADCFirmware/GEL_CAPTAN/TOP_LEVEL.vhf sub00/vhpl80 1475262469
EN udp_data_splicer NULL D:/cbradford/NewADCFirmware/oei/udp_data_splicer.vhd sub00/vhpl22 1475262411
AR dataout_mux dataout_mux_arch D:/cbradford/NewADCFirmware/oei/dataout_mux.vhd sub00/vhpl13 1475262402
AR data_manager behavioral D:/cbradford/NewADCFirmware/oei/data_manager.vhd sub00/vhpl49 1475262438
EN info_fifo_0 NULL D:/cbradford/NewADCFirmware/ipcore_dir/INFO_FIFO_0.vhd sub00/vhpl28 1475262417
EN arp_reply NULL D:/cbradford/NewADCFirmware/oei/arp_reply.vhd sub00/vhpl04 1475262393
MO crc_chk NULL ../oei/crc_chk.v vlg49/crc__chk.bin 1475262390
AR mii_100_1000_handler arch D:/cbradford/NewADCFirmware/oei/xmii_handler.vhd sub00/vhpl43 1475262432
PB params_package params_package D:/cbradford/NewADCFirmware/oei/params_package.vhd sub00/vhpl01 1475262390
EN mux64_8 NULL D:/cbradford/NewADCFirmware/GEL_CAPTAN/MUX64_8.vhd sub00/vhpl56 1475262445
EN top_level NULL D:/cbradford/NewADCFirmware/GEL_CAPTAN/TOP_LEVEL.vhf sub00/vhpl86 1475262475
EN decipherer NULL D:/cbradford/NewADCFirmware/oei/decipherer.vhd sub00/vhpl14 1475262403
EN addr_fifo NULL D:/cbradford/NewADCFirmware/ipcore_dir/ADDR_FIFO.vhd sub00/vhpl30 1475262419
EN clocklatchsignals NULL D:/cbradford/NewADCFirmware/GEL_CAPTAN/ClockLatchSignals.vhd sub00/vhpl76 1475262465
