--------------------------------------------------------------------------------
Release 14.7 Trace  (nt64)
Copyright (c) 1995-2013 Xilinx, Inc.  All rights reserved.

C:\Xilinx\14.7\ISE_DS\ISE\bin\nt64\unwrapped\trce.exe -intstyle ise -e 3 -s 10
-n 3 -fastpaths -xml TOP_LEVEL.twx TOP_LEVEL.ncd -o TOP_LEVEL.twr TOP_LEVEL.pcf
-ucf TOP_LEVEL.ucf

Design file:              TOP_LEVEL.ncd
Physical constraint file: TOP_LEVEL.pcf
Device,package,speed:     xc4vlx25,ff668,-10 (PRODUCTION 1.71 2013-10-13, STEPPING level 1)
Report level:             error report

Environment Variable      Effect 
--------------------      ------ 
NONE                      No environment variables were set
--------------------------------------------------------------------------------

INFO:Timing:3412 - To improve timing, see the Timing Closure User Guide (UG612).
INFO:Timing:2752 - To get complete path coverage, use the unconstrained paths 
   option. All paths that are not constrained will be reported in the 
   unconstrained paths section(s) of the report.
INFO:Timing:3339 - The clock-to-out numbers in this timing report are based on 
   a 50 Ohm transmission line loading model.  For the details of this model, 
   and for more information on accounting for different loading conditions, 
   please see the device datasheet.

================================================================================
Timing constraint: PATH "TS_D2_TO_T2_ila_pro_0_path" TIG;

 3 paths analyzed, 3 endpoints analyzed, 0 failing endpoints
 0 timing errors detected. (0 setup errors, 0 hold errors)
--------------------------------------------------------------------------------

================================================================================
Timing constraint: PATH "TS_J2_TO_D2_ila_pro_0_path" TIG;

 0 paths analyzed, 0 endpoints analyzed, 0 failing endpoints
 0 timing errors detected.
--------------------------------------------------------------------------------

================================================================================
Timing constraint: PATH "TS_J3_TO_D2_ila_pro_0_path" TIG;

 0 paths analyzed, 0 endpoints analyzed, 0 failing endpoints
 0 timing errors detected.
--------------------------------------------------------------------------------

================================================================================
Timing constraint: PATH "TS_J4_TO_D2_ila_pro_0_path" TIG;

 11 paths analyzed, 1 endpoint analyzed, 0 failing endpoints
 0 timing errors detected. (0 setup errors, 0 hold errors)
--------------------------------------------------------------------------------

================================================================================
Timing constraint: TS_J_CLK = PERIOD TIMEGRP "J_CLK" 30 ns HIGH 50%;
For more information, see Period Analysis in the Timing Closure User Guide (UG612).

 3438 paths analyzed, 704 endpoints analyzed, 0 failing endpoints
 0 timing errors detected. (0 setup errors, 0 hold errors, 0 component switching limit errors)
 Minimum period is   9.789ns.
--------------------------------------------------------------------------------

================================================================================
Timing constraint: TS_U_TO_J = MAXDELAY FROM TIMEGRP "U_CLK" TO TIMEGRP "J_CLK" 
15 ns;
For more information, see From:To (Multicycle) Analysis in the Timing Closure User Guide (UG612).

 18 paths analyzed, 18 endpoints analyzed, 0 failing endpoints
 0 timing errors detected. (0 setup errors, 0 hold errors)
 Maximum delay is   3.221ns.
--------------------------------------------------------------------------------

================================================================================
Timing constraint: TS_U_TO_U = MAXDELAY FROM TIMEGRP "U_CLK" TO TIMEGRP "U_CLK" 
15 ns;
For more information, see From:To (Multicycle) Analysis in the Timing Closure User Guide (UG612).

 1 path analyzed, 1 endpoint analyzed, 0 failing endpoints
 0 timing errors detected. (0 setup errors, 0 hold errors)
 Maximum delay is   0.949ns.
--------------------------------------------------------------------------------

================================================================================
Timing constraint: PATH "TS_J_TO_D_path" TIG;

 226 paths analyzed, 82 endpoints analyzed, 0 failing endpoints
 0 timing errors detected. (0 setup errors, 0 hold errors)
--------------------------------------------------------------------------------

================================================================================
Timing constraint: PATH "TS_D_TO_J_path" TIG;

 564 paths analyzed, 547 endpoints analyzed, 0 failing endpoints
 0 timing errors detected. (0 setup errors, 0 hold errors)
--------------------------------------------------------------------------------

================================================================================
Timing constraint: TS_GEL_RXCLK = PERIOD TIMEGRP "GEL_RXCLK" 8 ns HIGH 50%;
For more information, see Period Analysis in the Timing Closure User Guide (UG612).

 102241 paths analyzed, 11321 endpoints analyzed, 0 failing endpoints
 0 timing errors detected. (0 setup errors, 0 hold errors, 0 component switching limit errors)
 Minimum period is   7.912ns.
--------------------------------------------------------------------------------

================================================================================
Timing constraint: TS_SECONDARY_CLK = PERIOD TIMEGRP "SECONDARY_CLK" 200 ns 
HIGH 50%;
For more information, see Period Analysis in the Timing Closure User Guide (UG612).

 615 paths analyzed, 71 endpoints analyzed, 0 failing endpoints
 0 timing errors detected. (0 setup errors, 0 hold errors, 0 component switching limit errors)
 Minimum period is   6.116ns.
--------------------------------------------------------------------------------

================================================================================
Timing constraint: TS_BUSBHS_02DN_05S = PERIOD TIMEGRP "BUSBHS_02DN_05S" 5 ns 
HIGH 50%;
For more information, see Period Analysis in the Timing Closure User Guide (UG612).

 0 paths analyzed, 0 endpoints analyzed, 0 failing endpoints
 0 timing errors detected. (0 component switching limit errors)
 Minimum period is   3.600ns.
--------------------------------------------------------------------------------

================================================================================
Timing constraint: TS_BUSBHS_02DP_04S = PERIOD TIMEGRP "BUSBHS_02DP_04S" 5 ns 
HIGH 50%;
For more information, see Period Analysis in the Timing Closure User Guide (UG612).

 0 paths analyzed, 0 endpoints analyzed, 0 failing endpoints
 0 timing errors detected. (0 component switching limit errors)
 Minimum period is   3.600ns.
--------------------------------------------------------------------------------

================================================================================
Timing constraint: TS_XLXN_12257 = PERIOD TIMEGRP "XLXN_12257" TS_GEL_RXCLK / 
1.6 HIGH 50%;
For more information, see Period Analysis in the Timing Closure User Guide (UG612).

 0 paths analyzed, 0 endpoints analyzed, 0 failing endpoints
 0 timing errors detected. (0 component switching limit errors)
--------------------------------------------------------------------------------

================================================================================
Timing constraint: TS_XLXN_12669 = PERIOD TIMEGRP "XLXN_12669" TS_GEL_RXCLK / 
1.5 HIGH 50%;
For more information, see Period Analysis in the Timing Closure User Guide (UG612).

 0 paths analyzed, 0 endpoints analyzed, 0 failing endpoints
 0 timing errors detected. (0 component switching limit errors)
 Minimum period is   4.000ns.
--------------------------------------------------------------------------------

================================================================================
Timing constraint: TS_XLXN_15087 = PERIOD TIMEGRP "XLXN_15087" 
TS_BUSBHS_02DN_05S HIGH 50%;
For more information, see Period Analysis in the Timing Closure User Guide (UG612).

 0 paths analyzed, 0 endpoints analyzed, 0 failing endpoints
 0 timing errors detected. (0 component switching limit errors)
 Minimum period is   2.500ns.
--------------------------------------------------------------------------------

================================================================================
Timing constraint: TS_XLXN_15087_0 = PERIOD TIMEGRP "XLXN_15087_0" 
TS_BUSBHS_02DP_04S HIGH 50%;
For more information, see Period Analysis in the Timing Closure User Guide (UG612).

 3511 paths analyzed, 339 endpoints analyzed, 3 failing endpoints
 3 timing errors detected. (3 setup errors, 0 hold errors, 0 component switching limit errors)
 Minimum period is   5.122ns.
--------------------------------------------------------------------------------

Paths for end point XLXI_6249/samplesSinceTrig_15 (SLICE_X41Y67.CIN), 269 paths
--------------------------------------------------------------------------------
Slack (setup path):     -0.122ns (requirement - (data path - clock path skew + uncertainty))
  Source:               XLXI_6249/samplesSinceTrig_1 (FF)
  Destination:          XLXI_6249/samplesSinceTrig_15 (FF)
  Requirement:          5.000ns
  Data Path Delay:      5.016ns (Levels of Logic = 17)
  Clock Path Skew:      -0.046ns (1.509 - 1.555)
  Source Clock:         FADC_DCLK rising at 0.000ns
  Destination Clock:    FADC_DCLK rising at 5.000ns
  Clock Uncertainty:    0.060ns

  Clock Uncertainty:          0.060ns  ((TSJ^2 + TIJ^2)^1/2 + DJ) / 2 + PE
    Total System Jitter (TSJ):  0.000ns
    Total Input Jitter (TIJ):   0.000ns
    Discrete Jitter (DJ):       0.120ns
    Phase Error (PE):           0.000ns

  Maximum Data Path: XLXI_6249/samplesSinceTrig_1 to XLXI_6249/samplesSinceTrig_15
    Location             Delay type         Delay(ns)  Physical Resource
                                                       Logical Resource(s)
    -------------------------------------------------  -------------------
    SLICE_X41Y60.YQ      Tcko                  0.340   ila0_trig0<124>
                                                       XLXI_6249/samplesSinceTrig_1
    SLICE_X40Y59.G2      net (fanout=3)        0.545   ila0_trig0<125>
    SLICE_X40Y59.COUT    Topcyg                0.561   U_ila_pro_0/U0/iTRIG_IN<73>
                                                       XLXI_6249/Mcompar_samplesSinceTrig_cmp_gt0000_lut<1>
                                                       XLXI_6249/Mcompar_samplesSinceTrig_cmp_gt0000_cy<1>
    SLICE_X40Y60.CIN     net (fanout=1)        0.000   XLXI_6249/Mcompar_samplesSinceTrig_cmp_gt0000_cy<1>
    SLICE_X40Y60.COUT    Tbyp                  0.089   U_ila_pro_0/U0/iTRIG_IN<128>
                                                       XLXI_6249/Mcompar_samplesSinceTrig_cmp_gt0000_cy<2>
                                                       XLXI_6249/Mcompar_samplesSinceTrig_cmp_gt0000_cy<3>
    SLICE_X40Y61.CIN     net (fanout=1)        0.000   XLXI_6249/Mcompar_samplesSinceTrig_cmp_gt0000_cy<3>
    SLICE_X40Y61.COUT    Tbyp                  0.089   U_ila_pro_0/U0/iTRIG_IN<71>
                                                       XLXI_6249/Mcompar_samplesSinceTrig_cmp_gt0000_cy<4>
                                                       XLXI_6249/Mcompar_samplesSinceTrig_cmp_gt0000_cy<5>
    SLICE_X40Y62.CIN     net (fanout=1)        0.000   XLXI_6249/Mcompar_samplesSinceTrig_cmp_gt0000_cy<5>
    SLICE_X40Y62.COUT    Tbyp                  0.089   U_ila_pro_0/U0/iTRIG_IN<111>
                                                       XLXI_6249/Mcompar_samplesSinceTrig_cmp_gt0000_cy<6>
                                                       XLXI_6249/Mcompar_samplesSinceTrig_cmp_gt0000_cy<7>
    SLICE_X40Y63.CIN     net (fanout=1)        0.000   XLXI_6249/Mcompar_samplesSinceTrig_cmp_gt0000_cy<7>
    SLICE_X40Y63.COUT    Tbyp                  0.089   U_ila_pro_0/U0/iTRIG_IN<74>
                                                       XLXI_6249/Mcompar_samplesSinceTrig_cmp_gt0000_cy<8>
                                                       XLXI_6249/Mcompar_samplesSinceTrig_cmp_gt0000_cy<9>
    SLICE_X40Y64.CIN     net (fanout=1)        0.000   XLXI_6249/Mcompar_samplesSinceTrig_cmp_gt0000_cy<9>
    SLICE_X40Y64.COUT    Tbyp                  0.089   U_ila_pro_0/U0/iTRIG_IN<119>
                                                       XLXI_6249/Mcompar_samplesSinceTrig_cmp_gt0000_cy<10>
                                                       XLXI_6249/Mcompar_samplesSinceTrig_cmp_gt0000_cy<11>
    SLICE_X40Y65.CIN     net (fanout=1)        0.000   XLXI_6249/Mcompar_samplesSinceTrig_cmp_gt0000_cy<11>
    SLICE_X40Y65.COUT    Tbyp                  0.089   U_ila_pro_0/U0/iTRIG_IN<114>
                                                       XLXI_6249/Mcompar_samplesSinceTrig_cmp_gt0000_cy<12>
                                                       XLXI_6249/Mcompar_samplesSinceTrig_cmp_gt0000_cy<13>
    SLICE_X40Y66.CIN     net (fanout=1)        0.000   XLXI_6249/Mcompar_samplesSinceTrig_cmp_gt0000_cy<13>
    SLICE_X40Y66.COUT    Tbyp                  0.089   U_ila_pro_0/U0/iTRIG_IN<95>
                                                       XLXI_6249/Mcompar_samplesSinceTrig_cmp_gt0000_cy<14>
                                                       XLXI_6249/Mcompar_samplesSinceTrig_cmp_gt0000_cy<15>
    SLICE_X43Y62.F4      net (fanout=20)       0.905   XLXI_6249/Mcompar_samplesSinceTrig_cmp_gt0000_cy<15>
    SLICE_X43Y62.X       Tilo                  0.194   ethernet_fifo_in_en
                                                       XLXI_6249/samplesSinceTrig_and0000_inv1
    SLICE_X41Y60.BX      net (fanout=1)        0.351   XLXI_6249/samplesSinceTrig_and0000_inv
    SLICE_X41Y60.COUT    Tbxcy                 0.502   ila0_trig0<124>
                                                       XLXI_6249/Mcount_samplesSinceTrig_cy<0>
                                                       XLXI_6249/Mcount_samplesSinceTrig_cy<1>
    SLICE_X41Y61.CIN     net (fanout=1)        0.000   XLXI_6249/Mcount_samplesSinceTrig_cy<1>
    SLICE_X41Y61.COUT    Tbyp                  0.086   ila0_trig0<126>
                                                       XLXI_6249/Mcount_samplesSinceTrig_cy<2>
                                                       XLXI_6249/Mcount_samplesSinceTrig_cy<3>
    SLICE_X41Y62.CIN     net (fanout=1)        0.000   XLXI_6249/Mcount_samplesSinceTrig_cy<3>
    SLICE_X41Y62.COUT    Tbyp                  0.086   ila0_trig0<128>
                                                       XLXI_6249/Mcount_samplesSinceTrig_cy<4>
                                                       XLXI_6249/Mcount_samplesSinceTrig_cy<5>
    SLICE_X41Y63.CIN     net (fanout=1)        0.000   XLXI_6249/Mcount_samplesSinceTrig_cy<5>
    SLICE_X41Y63.COUT    Tbyp                  0.086   ila0_trig0<130>
                                                       XLXI_6249/Mcount_samplesSinceTrig_cy<6>
                                                       XLXI_6249/Mcount_samplesSinceTrig_cy<7>
    SLICE_X41Y64.CIN     net (fanout=1)        0.000   XLXI_6249/Mcount_samplesSinceTrig_cy<7>
    SLICE_X41Y64.COUT    Tbyp                  0.086   ila0_trig0<132>
                                                       XLXI_6249/Mcount_samplesSinceTrig_cy<8>
                                                       XLXI_6249/Mcount_samplesSinceTrig_cy<9>
    SLICE_X41Y65.CIN     net (fanout=1)        0.000   XLXI_6249/Mcount_samplesSinceTrig_cy<9>
    SLICE_X41Y65.COUT    Tbyp                  0.086   ila0_trig0<134>
                                                       XLXI_6249/Mcount_samplesSinceTrig_cy<10>
                                                       XLXI_6249/Mcount_samplesSinceTrig_cy<11>
    SLICE_X41Y66.CIN     net (fanout=1)        0.000   XLXI_6249/Mcount_samplesSinceTrig_cy<11>
    SLICE_X41Y66.COUT    Tbyp                  0.086   ila0_trig0<136>
                                                       XLXI_6249/Mcount_samplesSinceTrig_cy<12>
                                                       XLXI_6249/Mcount_samplesSinceTrig_cy<13>
    SLICE_X41Y67.CIN     net (fanout=1)        0.000   XLXI_6249/Mcount_samplesSinceTrig_cy<13>
    SLICE_X41Y67.CLK     Tcinck                0.479   ila0_trig0<138>
                                                       XLXI_6249/Mcount_samplesSinceTrig_cy<14>
                                                       XLXI_6249/Mcount_samplesSinceTrig_xor<15>
                                                       XLXI_6249/samplesSinceTrig_15
    -------------------------------------------------  ---------------------------
    Total                                      5.016ns (3.215ns logic, 1.801ns route)
                                                       (64.1% logic, 35.9% route)

--------------------------------------------------------------------------------
Slack (setup path):     -0.045ns (requirement - (data path - clock path skew + uncertainty))
  Source:               XLXI_6249/samplesSinceTrig_2 (FF)
  Destination:          XLXI_6249/samplesSinceTrig_15 (FF)
  Requirement:          5.000ns
  Data Path Delay:      4.939ns (Levels of Logic = 16)
  Clock Path Skew:      -0.046ns (1.509 - 1.555)
  Source Clock:         FADC_DCLK rising at 0.000ns
  Destination Clock:    FADC_DCLK rising at 5.000ns
  Clock Uncertainty:    0.060ns

  Clock Uncertainty:          0.060ns  ((TSJ^2 + TIJ^2)^1/2 + DJ) / 2 + PE
    Total System Jitter (TSJ):  0.000ns
    Total Input Jitter (TIJ):   0.000ns
    Discrete Jitter (DJ):       0.120ns
    Phase Error (PE):           0.000ns

  Maximum Data Path: XLXI_6249/samplesSinceTrig_2 to XLXI_6249/samplesSinceTrig_15
    Location             Delay type         Delay(ns)  Physical Resource
                                                       Logical Resource(s)
    -------------------------------------------------  -------------------
    SLICE_X41Y61.XQ      Tcko                  0.340   ila0_trig0<126>
                                                       XLXI_6249/samplesSinceTrig_2
    SLICE_X40Y60.F4      net (fanout=3)        0.542   ila0_trig0<126>
    SLICE_X40Y60.COUT    Topcyf                0.576   U_ila_pro_0/U0/iTRIG_IN<128>
                                                       XLXI_6249/Mcompar_samplesSinceTrig_cmp_gt0000_lut<2>
                                                       XLXI_6249/Mcompar_samplesSinceTrig_cmp_gt0000_cy<2>
                                                       XLXI_6249/Mcompar_samplesSinceTrig_cmp_gt0000_cy<3>
    SLICE_X40Y61.CIN     net (fanout=1)        0.000   XLXI_6249/Mcompar_samplesSinceTrig_cmp_gt0000_cy<3>
    SLICE_X40Y61.COUT    Tbyp                  0.089   U_ila_pro_0/U0/iTRIG_IN<71>
                                                       XLXI_6249/Mcompar_samplesSinceTrig_cmp_gt0000_cy<4>
                                                       XLXI_6249/Mcompar_samplesSinceTrig_cmp_gt0000_cy<5>
    SLICE_X40Y62.CIN     net (fanout=1)        0.000   XLXI_6249/Mcompar_samplesSinceTrig_cmp_gt0000_cy<5>
    SLICE_X40Y62.COUT    Tbyp                  0.089   U_ila_pro_0/U0/iTRIG_IN<111>
                                                       XLXI_6249/Mcompar_samplesSinceTrig_cmp_gt0000_cy<6>
                                                       XLXI_6249/Mcompar_samplesSinceTrig_cmp_gt0000_cy<7>
    SLICE_X40Y63.CIN     net (fanout=1)        0.000   XLXI_6249/Mcompar_samplesSinceTrig_cmp_gt0000_cy<7>
    SLICE_X40Y63.COUT    Tbyp                  0.089   U_ila_pro_0/U0/iTRIG_IN<74>
                                                       XLXI_6249/Mcompar_samplesSinceTrig_cmp_gt0000_cy<8>
                                                       XLXI_6249/Mcompar_samplesSinceTrig_cmp_gt0000_cy<9>
    SLICE_X40Y64.CIN     net (fanout=1)        0.000   XLXI_6249/Mcompar_samplesSinceTrig_cmp_gt0000_cy<9>
    SLICE_X40Y64.COUT    Tbyp                  0.089   U_ila_pro_0/U0/iTRIG_IN<119>
                                                       XLXI_6249/Mcompar_samplesSinceTrig_cmp_gt0000_cy<10>
                                                       XLXI_6249/Mcompar_samplesSinceTrig_cmp_gt0000_cy<11>
    SLICE_X40Y65.CIN     net (fanout=1)        0.000   XLXI_6249/Mcompar_samplesSinceTrig_cmp_gt0000_cy<11>
    SLICE_X40Y65.COUT    Tbyp                  0.089   U_ila_pro_0/U0/iTRIG_IN<114>
                                                       XLXI_6249/Mcompar_samplesSinceTrig_cmp_gt0000_cy<12>
                                                       XLXI_6249/Mcompar_samplesSinceTrig_cmp_gt0000_cy<13>
    SLICE_X40Y66.CIN     net (fanout=1)        0.000   XLXI_6249/Mcompar_samplesSinceTrig_cmp_gt0000_cy<13>
    SLICE_X40Y66.COUT    Tbyp                  0.089   U_ila_pro_0/U0/iTRIG_IN<95>
                                                       XLXI_6249/Mcompar_samplesSinceTrig_cmp_gt0000_cy<14>
                                                       XLXI_6249/Mcompar_samplesSinceTrig_cmp_gt0000_cy<15>
    SLICE_X43Y62.F4      net (fanout=20)       0.905   XLXI_6249/Mcompar_samplesSinceTrig_cmp_gt0000_cy<15>
    SLICE_X43Y62.X       Tilo                  0.194   ethernet_fifo_in_en
                                                       XLXI_6249/samplesSinceTrig_and0000_inv1
    SLICE_X41Y60.BX      net (fanout=1)        0.351   XLXI_6249/samplesSinceTrig_and0000_inv
    SLICE_X41Y60.COUT    Tbxcy                 0.502   ila0_trig0<124>
                                                       XLXI_6249/Mcount_samplesSinceTrig_cy<0>
                                                       XLXI_6249/Mcount_samplesSinceTrig_cy<1>
    SLICE_X41Y61.CIN     net (fanout=1)        0.000   XLXI_6249/Mcount_samplesSinceTrig_cy<1>
    SLICE_X41Y61.COUT    Tbyp                  0.086   ila0_trig0<126>
                                                       XLXI_6249/Mcount_samplesSinceTrig_cy<2>
                                                       XLXI_6249/Mcount_samplesSinceTrig_cy<3>
    SLICE_X41Y62.CIN     net (fanout=1)        0.000   XLXI_6249/Mcount_samplesSinceTrig_cy<3>
    SLICE_X41Y62.COUT    Tbyp                  0.086   ila0_trig0<128>
                                                       XLXI_6249/Mcount_samplesSinceTrig_cy<4>
                                                       XLXI_6249/Mcount_samplesSinceTrig_cy<5>
    SLICE_X41Y63.CIN     net (fanout=1)        0.000   XLXI_6249/Mcount_samplesSinceTrig_cy<5>
    SLICE_X41Y63.COUT    Tbyp                  0.086   ila0_trig0<130>
                                                       XLXI_6249/Mcount_samplesSinceTrig_cy<6>
                                                       XLXI_6249/Mcount_samplesSinceTrig_cy<7>
    SLICE_X41Y64.CIN     net (fanout=1)        0.000   XLXI_6249/Mcount_samplesSinceTrig_cy<7>
    SLICE_X41Y64.COUT    Tbyp                  0.086   ila0_trig0<132>
                                                       XLXI_6249/Mcount_samplesSinceTrig_cy<8>
                                                       XLXI_6249/Mcount_samplesSinceTrig_cy<9>
    SLICE_X41Y65.CIN     net (fanout=1)        0.000   XLXI_6249/Mcount_samplesSinceTrig_cy<9>
    SLICE_X41Y65.COUT    Tbyp                  0.086   ila0_trig0<134>
                                                       XLXI_6249/Mcount_samplesSinceTrig_cy<10>
                                                       XLXI_6249/Mcount_samplesSinceTrig_cy<11>
    SLICE_X41Y66.CIN     net (fanout=1)        0.000   XLXI_6249/Mcount_samplesSinceTrig_cy<11>
    SLICE_X41Y66.COUT    Tbyp                  0.086   ila0_trig0<136>
                                                       XLXI_6249/Mcount_samplesSinceTrig_cy<12>
                                                       XLXI_6249/Mcount_samplesSinceTrig_cy<13>
    SLICE_X41Y67.CIN     net (fanout=1)        0.000   XLXI_6249/Mcount_samplesSinceTrig_cy<13>
    SLICE_X41Y67.CLK     Tcinck                0.479   ila0_trig0<138>
                                                       XLXI_6249/Mcount_samplesSinceTrig_cy<14>
                                                       XLXI_6249/Mcount_samplesSinceTrig_xor<15>
                                                       XLXI_6249/samplesSinceTrig_15
    -------------------------------------------------  ---------------------------
    Total                                      4.939ns (3.141ns logic, 1.798ns route)
                                                       (63.6% logic, 36.4% route)

--------------------------------------------------------------------------------
Slack (setup path):     -0.005ns (requirement - (data path - clock path skew + uncertainty))
  Source:               XLXI_6249/samplesSinceTrig_0 (FF)
  Destination:          XLXI_6249/samplesSinceTrig_15 (FF)
  Requirement:          5.000ns
  Data Path Delay:      4.899ns (Levels of Logic = 17)
  Clock Path Skew:      -0.046ns (1.509 - 1.555)
  Source Clock:         FADC_DCLK rising at 0.000ns
  Destination Clock:    FADC_DCLK rising at 5.000ns
  Clock Uncertainty:    0.060ns

  Clock Uncertainty:          0.060ns  ((TSJ^2 + TIJ^2)^1/2 + DJ) / 2 + PE
    Total System Jitter (TSJ):  0.000ns
    Total Input Jitter (TIJ):   0.000ns
    Discrete Jitter (DJ):       0.120ns
    Phase Error (PE):           0.000ns

  Maximum Data Path: XLXI_6249/samplesSinceTrig_0 to XLXI_6249/samplesSinceTrig_15
    Location             Delay type         Delay(ns)  Physical Resource
                                                       Logical Resource(s)
    -------------------------------------------------  -------------------
    SLICE_X41Y60.XQ      Tcko                  0.340   ila0_trig0<124>
                                                       XLXI_6249/samplesSinceTrig_0
    SLICE_X40Y59.F4      net (fanout=3)        0.413   ila0_trig0<124>
    SLICE_X40Y59.COUT    Topcyf                0.576   U_ila_pro_0/U0/iTRIG_IN<73>
                                                       XLXI_6249/Mcompar_samplesSinceTrig_cmp_gt0000_lut<0>
                                                       XLXI_6249/Mcompar_samplesSinceTrig_cmp_gt0000_cy<0>
                                                       XLXI_6249/Mcompar_samplesSinceTrig_cmp_gt0000_cy<1>
    SLICE_X40Y60.CIN     net (fanout=1)        0.000   XLXI_6249/Mcompar_samplesSinceTrig_cmp_gt0000_cy<1>
    SLICE_X40Y60.COUT    Tbyp                  0.089   U_ila_pro_0/U0/iTRIG_IN<128>
                                                       XLXI_6249/Mcompar_samplesSinceTrig_cmp_gt0000_cy<2>
                                                       XLXI_6249/Mcompar_samplesSinceTrig_cmp_gt0000_cy<3>
    SLICE_X40Y61.CIN     net (fanout=1)        0.000   XLXI_6249/Mcompar_samplesSinceTrig_cmp_gt0000_cy<3>
    SLICE_X40Y61.COUT    Tbyp                  0.089   U_ila_pro_0/U0/iTRIG_IN<71>
                                                       XLXI_6249/Mcompar_samplesSinceTrig_cmp_gt0000_cy<4>
                                                       XLXI_6249/Mcompar_samplesSinceTrig_cmp_gt0000_cy<5>
    SLICE_X40Y62.CIN     net (fanout=1)        0.000   XLXI_6249/Mcompar_samplesSinceTrig_cmp_gt0000_cy<5>
    SLICE_X40Y62.COUT    Tbyp                  0.089   U_ila_pro_0/U0/iTRIG_IN<111>
                                                       XLXI_6249/Mcompar_samplesSinceTrig_cmp_gt0000_cy<6>
                                                       XLXI_6249/Mcompar_samplesSinceTrig_cmp_gt0000_cy<7>
    SLICE_X40Y63.CIN     net (fanout=1)        0.000   XLXI_6249/Mcompar_samplesSinceTrig_cmp_gt0000_cy<7>
    SLICE_X40Y63.COUT    Tbyp                  0.089   U_ila_pro_0/U0/iTRIG_IN<74>
                                                       XLXI_6249/Mcompar_samplesSinceTrig_cmp_gt0000_cy<8>
                                                       XLXI_6249/Mcompar_samplesSinceTrig_cmp_gt0000_cy<9>
    SLICE_X40Y64.CIN     net (fanout=1)        0.000   XLXI_6249/Mcompar_samplesSinceTrig_cmp_gt0000_cy<9>
    SLICE_X40Y64.COUT    Tbyp                  0.089   U_ila_pro_0/U0/iTRIG_IN<119>
                                                       XLXI_6249/Mcompar_samplesSinceTrig_cmp_gt0000_cy<10>
                                                       XLXI_6249/Mcompar_samplesSinceTrig_cmp_gt0000_cy<11>
    SLICE_X40Y65.CIN     net (fanout=1)        0.000   XLXI_6249/Mcompar_samplesSinceTrig_cmp_gt0000_cy<11>
    SLICE_X40Y65.COUT    Tbyp                  0.089   U_ila_pro_0/U0/iTRIG_IN<114>
                                                       XLXI_6249/Mcompar_samplesSinceTrig_cmp_gt0000_cy<12>
                                                       XLXI_6249/Mcompar_samplesSinceTrig_cmp_gt0000_cy<13>
    SLICE_X40Y66.CIN     net (fanout=1)        0.000   XLXI_6249/Mcompar_samplesSinceTrig_cmp_gt0000_cy<13>
    SLICE_X40Y66.COUT    Tbyp                  0.089   U_ila_pro_0/U0/iTRIG_IN<95>
                                                       XLXI_6249/Mcompar_samplesSinceTrig_cmp_gt0000_cy<14>
                                                       XLXI_6249/Mcompar_samplesSinceTrig_cmp_gt0000_cy<15>
    SLICE_X43Y62.F4      net (fanout=20)       0.905   XLXI_6249/Mcompar_samplesSinceTrig_cmp_gt0000_cy<15>
    SLICE_X43Y62.X       Tilo                  0.194   ethernet_fifo_in_en
                                                       XLXI_6249/samplesSinceTrig_and0000_inv1
    SLICE_X41Y60.BX      net (fanout=1)        0.351   XLXI_6249/samplesSinceTrig_and0000_inv
    SLICE_X41Y60.COUT    Tbxcy                 0.502   ila0_trig0<124>
                                                       XLXI_6249/Mcount_samplesSinceTrig_cy<0>
                                                       XLXI_6249/Mcount_samplesSinceTrig_cy<1>
    SLICE_X41Y61.CIN     net (fanout=1)        0.000   XLXI_6249/Mcount_samplesSinceTrig_cy<1>
    SLICE_X41Y61.COUT    Tbyp                  0.086   ila0_trig0<126>
                                                       XLXI_6249/Mcount_samplesSinceTrig_cy<2>
                                                       XLXI_6249/Mcount_samplesSinceTrig_cy<3>
    SLICE_X41Y62.CIN     net (fanout=1)        0.000   XLXI_6249/Mcount_samplesSinceTrig_cy<3>
    SLICE_X41Y62.COUT    Tbyp                  0.086   ila0_trig0<128>
                                                       XLXI_6249/Mcount_samplesSinceTrig_cy<4>
                                                       XLXI_6249/Mcount_samplesSinceTrig_cy<5>
    SLICE_X41Y63.CIN     net (fanout=1)        0.000   XLXI_6249/Mcount_samplesSinceTrig_cy<5>
    SLICE_X41Y63.COUT    Tbyp                  0.086   ila0_trig0<130>
                                                       XLXI_6249/Mcount_samplesSinceTrig_cy<6>
                                                       XLXI_6249/Mcount_samplesSinceTrig_cy<7>
    SLICE_X41Y64.CIN     net (fanout=1)        0.000   XLXI_6249/Mcount_samplesSinceTrig_cy<7>
    SLICE_X41Y64.COUT    Tbyp                  0.086   ila0_trig0<132>
                                                       XLXI_6249/Mcount_samplesSinceTrig_cy<8>
                                                       XLXI_6249/Mcount_samplesSinceTrig_cy<9>
    SLICE_X41Y65.CIN     net (fanout=1)        0.000   XLXI_6249/Mcount_samplesSinceTrig_cy<9>
    SLICE_X41Y65.COUT    Tbyp                  0.086   ila0_trig0<134>
                                                       XLXI_6249/Mcount_samplesSinceTrig_cy<10>
                                                       XLXI_6249/Mcount_samplesSinceTrig_cy<11>
    SLICE_X41Y66.CIN     net (fanout=1)        0.000   XLXI_6249/Mcount_samplesSinceTrig_cy<11>
    SLICE_X41Y66.COUT    Tbyp                  0.086   ila0_trig0<136>
                                                       XLXI_6249/Mcount_samplesSinceTrig_cy<12>
                                                       XLXI_6249/Mcount_samplesSinceTrig_cy<13>
    SLICE_X41Y67.CIN     net (fanout=1)        0.000   XLXI_6249/Mcount_samplesSinceTrig_cy<13>
    SLICE_X41Y67.CLK     Tcinck                0.479   ila0_trig0<138>
                                                       XLXI_6249/Mcount_samplesSinceTrig_cy<14>
                                                       XLXI_6249/Mcount_samplesSinceTrig_xor<15>
                                                       XLXI_6249/samplesSinceTrig_15
    -------------------------------------------------  ---------------------------
    Total                                      4.899ns (3.230ns logic, 1.669ns route)
                                                       (65.9% logic, 34.1% route)

--------------------------------------------------------------------------------

Paths for end point XLXI_6249/samplesSinceTrig_14 (SLICE_X41Y67.CIN), 269 paths
--------------------------------------------------------------------------------
Slack (setup path):     -0.070ns (requirement - (data path - clock path skew + uncertainty))
  Source:               XLXI_6249/samplesSinceTrig_1 (FF)
  Destination:          XLXI_6249/samplesSinceTrig_14 (FF)
  Requirement:          5.000ns
  Data Path Delay:      4.964ns (Levels of Logic = 17)
  Clock Path Skew:      -0.046ns (1.509 - 1.555)
  Source Clock:         FADC_DCLK rising at 0.000ns
  Destination Clock:    FADC_DCLK rising at 5.000ns
  Clock Uncertainty:    0.060ns

  Clock Uncertainty:          0.060ns  ((TSJ^2 + TIJ^2)^1/2 + DJ) / 2 + PE
    Total System Jitter (TSJ):  0.000ns
    Total Input Jitter (TIJ):   0.000ns
    Discrete Jitter (DJ):       0.120ns
    Phase Error (PE):           0.000ns

  Maximum Data Path: XLXI_6249/samplesSinceTrig_1 to XLXI_6249/samplesSinceTrig_14
    Location             Delay type         Delay(ns)  Physical Resource
                                                       Logical Resource(s)
    -------------------------------------------------  -------------------
    SLICE_X41Y60.YQ      Tcko                  0.340   ila0_trig0<124>
                                                       XLXI_6249/samplesSinceTrig_1
    SLICE_X40Y59.G2      net (fanout=3)        0.545   ila0_trig0<125>
    SLICE_X40Y59.COUT    Topcyg                0.561   U_ila_pro_0/U0/iTRIG_IN<73>
                                                       XLXI_6249/Mcompar_samplesSinceTrig_cmp_gt0000_lut<1>
                                                       XLXI_6249/Mcompar_samplesSinceTrig_cmp_gt0000_cy<1>
    SLICE_X40Y60.CIN     net (fanout=1)        0.000   XLXI_6249/Mcompar_samplesSinceTrig_cmp_gt0000_cy<1>
    SLICE_X40Y60.COUT    Tbyp                  0.089   U_ila_pro_0/U0/iTRIG_IN<128>
                                                       XLXI_6249/Mcompar_samplesSinceTrig_cmp_gt0000_cy<2>
                                                       XLXI_6249/Mcompar_samplesSinceTrig_cmp_gt0000_cy<3>
    SLICE_X40Y61.CIN     net (fanout=1)        0.000   XLXI_6249/Mcompar_samplesSinceTrig_cmp_gt0000_cy<3>
    SLICE_X40Y61.COUT    Tbyp                  0.089   U_ila_pro_0/U0/iTRIG_IN<71>
                                                       XLXI_6249/Mcompar_samplesSinceTrig_cmp_gt0000_cy<4>
                                                       XLXI_6249/Mcompar_samplesSinceTrig_cmp_gt0000_cy<5>
    SLICE_X40Y62.CIN     net (fanout=1)        0.000   XLXI_6249/Mcompar_samplesSinceTrig_cmp_gt0000_cy<5>
    SLICE_X40Y62.COUT    Tbyp                  0.089   U_ila_pro_0/U0/iTRIG_IN<111>
                                                       XLXI_6249/Mcompar_samplesSinceTrig_cmp_gt0000_cy<6>
                                                       XLXI_6249/Mcompar_samplesSinceTrig_cmp_gt0000_cy<7>
    SLICE_X40Y63.CIN     net (fanout=1)        0.000   XLXI_6249/Mcompar_samplesSinceTrig_cmp_gt0000_cy<7>
    SLICE_X40Y63.COUT    Tbyp                  0.089   U_ila_pro_0/U0/iTRIG_IN<74>
                                                       XLXI_6249/Mcompar_samplesSinceTrig_cmp_gt0000_cy<8>
                                                       XLXI_6249/Mcompar_samplesSinceTrig_cmp_gt0000_cy<9>
    SLICE_X40Y64.CIN     net (fanout=1)        0.000   XLXI_6249/Mcompar_samplesSinceTrig_cmp_gt0000_cy<9>
    SLICE_X40Y64.COUT    Tbyp                  0.089   U_ila_pro_0/U0/iTRIG_IN<119>
                                                       XLXI_6249/Mcompar_samplesSinceTrig_cmp_gt0000_cy<10>
                                                       XLXI_6249/Mcompar_samplesSinceTrig_cmp_gt0000_cy<11>
    SLICE_X40Y65.CIN     net (fanout=1)        0.000   XLXI_6249/Mcompar_samplesSinceTrig_cmp_gt0000_cy<11>
    SLICE_X40Y65.COUT    Tbyp                  0.089   U_ila_pro_0/U0/iTRIG_IN<114>
                                                       XLXI_6249/Mcompar_samplesSinceTrig_cmp_gt0000_cy<12>
                                                       XLXI_6249/Mcompar_samplesSinceTrig_cmp_gt0000_cy<13>
    SLICE_X40Y66.CIN     net (fanout=1)        0.000   XLXI_6249/Mcompar_samplesSinceTrig_cmp_gt0000_cy<13>
    SLICE_X40Y66.COUT    Tbyp                  0.089   U_ila_pro_0/U0/iTRIG_IN<95>
                                                       XLXI_6249/Mcompar_samplesSinceTrig_cmp_gt0000_cy<14>
                                                       XLXI_6249/Mcompar_samplesSinceTrig_cmp_gt0000_cy<15>
    SLICE_X43Y62.F4      net (fanout=20)       0.905   XLXI_6249/Mcompar_samplesSinceTrig_cmp_gt0000_cy<15>
    SLICE_X43Y62.X       Tilo                  0.194   ethernet_fifo_in_en
                                                       XLXI_6249/samplesSinceTrig_and0000_inv1
    SLICE_X41Y60.BX      net (fanout=1)        0.351   XLXI_6249/samplesSinceTrig_and0000_inv
    SLICE_X41Y60.COUT    Tbxcy                 0.502   ila0_trig0<124>
                                                       XLXI_6249/Mcount_samplesSinceTrig_cy<0>
                                                       XLXI_6249/Mcount_samplesSinceTrig_cy<1>
    SLICE_X41Y61.CIN     net (fanout=1)        0.000   XLXI_6249/Mcount_samplesSinceTrig_cy<1>
    SLICE_X41Y61.COUT    Tbyp                  0.086   ila0_trig0<126>
                                                       XLXI_6249/Mcount_samplesSinceTrig_cy<2>
                                                       XLXI_6249/Mcount_samplesSinceTrig_cy<3>
    SLICE_X41Y62.CIN     net (fanout=1)        0.000   XLXI_6249/Mcount_samplesSinceTrig_cy<3>
    SLICE_X41Y62.COUT    Tbyp                  0.086   ila0_trig0<128>
                                                       XLXI_6249/Mcount_samplesSinceTrig_cy<4>
                                                       XLXI_6249/Mcount_samplesSinceTrig_cy<5>
    SLICE_X41Y63.CIN     net (fanout=1)        0.000   XLXI_6249/Mcount_samplesSinceTrig_cy<5>
    SLICE_X41Y63.COUT    Tbyp                  0.086   ila0_trig0<130>
                                                       XLXI_6249/Mcount_samplesSinceTrig_cy<6>
                                                       XLXI_6249/Mcount_samplesSinceTrig_cy<7>
    SLICE_X41Y64.CIN     net (fanout=1)        0.000   XLXI_6249/Mcount_samplesSinceTrig_cy<7>
    SLICE_X41Y64.COUT    Tbyp                  0.086   ila0_trig0<132>
                                                       XLXI_6249/Mcount_samplesSinceTrig_cy<8>
                                                       XLXI_6249/Mcount_samplesSinceTrig_cy<9>
    SLICE_X41Y65.CIN     net (fanout=1)        0.000   XLXI_6249/Mcount_samplesSinceTrig_cy<9>
    SLICE_X41Y65.COUT    Tbyp                  0.086   ila0_trig0<134>
                                                       XLXI_6249/Mcount_samplesSinceTrig_cy<10>
                                                       XLXI_6249/Mcount_samplesSinceTrig_cy<11>
    SLICE_X41Y66.CIN     net (fanout=1)        0.000   XLXI_6249/Mcount_samplesSinceTrig_cy<11>
    SLICE_X41Y66.COUT    Tbyp                  0.086   ila0_trig0<136>
                                                       XLXI_6249/Mcount_samplesSinceTrig_cy<12>
                                                       XLXI_6249/Mcount_samplesSinceTrig_cy<13>
    SLICE_X41Y67.CIN     net (fanout=1)        0.000   XLXI_6249/Mcount_samplesSinceTrig_cy<13>
    SLICE_X41Y67.CLK     Tcinck                0.427   ila0_trig0<138>
                                                       XLXI_6249/Mcount_samplesSinceTrig_xor<14>
                                                       XLXI_6249/samplesSinceTrig_14
    -------------------------------------------------  ---------------------------
    Total                                      4.964ns (3.163ns logic, 1.801ns route)
                                                       (63.7% logic, 36.3% route)

--------------------------------------------------------------------------------

Paths for end point XLXI_6249/samplesSinceTrig_13 (SLICE_X41Y66.CIN), 233 paths
--------------------------------------------------------------------------------
Slack (setup path):     -0.036ns (requirement - (data path - clock path skew + uncertainty))
  Source:               XLXI_6249/samplesSinceTrig_1 (FF)
  Destination:          XLXI_6249/samplesSinceTrig_13 (FF)
  Requirement:          5.000ns
  Data Path Delay:      4.930ns (Levels of Logic = 16)
  Clock Path Skew:      -0.046ns (1.509 - 1.555)
  Source Clock:         FADC_DCLK rising at 0.000ns
  Destination Clock:    FADC_DCLK rising at 5.000ns
  Clock Uncertainty:    0.060ns

  Clock Uncertainty:          0.060ns  ((TSJ^2 + TIJ^2)^1/2 + DJ) / 2 + PE
    Total System Jitter (TSJ):  0.000ns
    Total Input Jitter (TIJ):   0.000ns
    Discrete Jitter (DJ):       0.120ns
    Phase Error (PE):           0.000ns

  Maximum Data Path: XLXI_6249/samplesSinceTrig_1 to XLXI_6249/samplesSinceTrig_13
    Location             Delay type         Delay(ns)  Physical Resource
                                                       Logical Resource(s)
    -------------------------------------------------  -------------------
    SLICE_X41Y60.YQ      Tcko                  0.340   ila0_trig0<124>
                                                       XLXI_6249/samplesSinceTrig_1
    SLICE_X40Y59.G2      net (fanout=3)        0.545   ila0_trig0<125>
    SLICE_X40Y59.COUT    Topcyg                0.561   U_ila_pro_0/U0/iTRIG_IN<73>
                                                       XLXI_6249/Mcompar_samplesSinceTrig_cmp_gt0000_lut<1>
                                                       XLXI_6249/Mcompar_samplesSinceTrig_cmp_gt0000_cy<1>
    SLICE_X40Y60.CIN     net (fanout=1)        0.000   XLXI_6249/Mcompar_samplesSinceTrig_cmp_gt0000_cy<1>
    SLICE_X40Y60.COUT    Tbyp                  0.089   U_ila_pro_0/U0/iTRIG_IN<128>
                                                       XLXI_6249/Mcompar_samplesSinceTrig_cmp_gt0000_cy<2>
                                                       XLXI_6249/Mcompar_samplesSinceTrig_cmp_gt0000_cy<3>
    SLICE_X40Y61.CIN     net (fanout=1)        0.000   XLXI_6249/Mcompar_samplesSinceTrig_cmp_gt0000_cy<3>
    SLICE_X40Y61.COUT    Tbyp                  0.089   U_ila_pro_0/U0/iTRIG_IN<71>
                                                       XLXI_6249/Mcompar_samplesSinceTrig_cmp_gt0000_cy<4>
                                                       XLXI_6249/Mcompar_samplesSinceTrig_cmp_gt0000_cy<5>
    SLICE_X40Y62.CIN     net (fanout=1)        0.000   XLXI_6249/Mcompar_samplesSinceTrig_cmp_gt0000_cy<5>
    SLICE_X40Y62.COUT    Tbyp                  0.089   U_ila_pro_0/U0/iTRIG_IN<111>
                                                       XLXI_6249/Mcompar_samplesSinceTrig_cmp_gt0000_cy<6>
                                                       XLXI_6249/Mcompar_samplesSinceTrig_cmp_gt0000_cy<7>
    SLICE_X40Y63.CIN     net (fanout=1)        0.000   XLXI_6249/Mcompar_samplesSinceTrig_cmp_gt0000_cy<7>
    SLICE_X40Y63.COUT    Tbyp                  0.089   U_ila_pro_0/U0/iTRIG_IN<74>
                                                       XLXI_6249/Mcompar_samplesSinceTrig_cmp_gt0000_cy<8>
                                                       XLXI_6249/Mcompar_samplesSinceTrig_cmp_gt0000_cy<9>
    SLICE_X40Y64.CIN     net (fanout=1)        0.000   XLXI_6249/Mcompar_samplesSinceTrig_cmp_gt0000_cy<9>
    SLICE_X40Y64.COUT    Tbyp                  0.089   U_ila_pro_0/U0/iTRIG_IN<119>
                                                       XLXI_6249/Mcompar_samplesSinceTrig_cmp_gt0000_cy<10>
                                                       XLXI_6249/Mcompar_samplesSinceTrig_cmp_gt0000_cy<11>
    SLICE_X40Y65.CIN     net (fanout=1)        0.000   XLXI_6249/Mcompar_samplesSinceTrig_cmp_gt0000_cy<11>
    SLICE_X40Y65.COUT    Tbyp                  0.089   U_ila_pro_0/U0/iTRIG_IN<114>
                                                       XLXI_6249/Mcompar_samplesSinceTrig_cmp_gt0000_cy<12>
                                                       XLXI_6249/Mcompar_samplesSinceTrig_cmp_gt0000_cy<13>
    SLICE_X40Y66.CIN     net (fanout=1)        0.000   XLXI_6249/Mcompar_samplesSinceTrig_cmp_gt0000_cy<13>
    SLICE_X40Y66.COUT    Tbyp                  0.089   U_ila_pro_0/U0/iTRIG_IN<95>
                                                       XLXI_6249/Mcompar_samplesSinceTrig_cmp_gt0000_cy<14>
                                                       XLXI_6249/Mcompar_samplesSinceTrig_cmp_gt0000_cy<15>
    SLICE_X43Y62.F4      net (fanout=20)       0.905   XLXI_6249/Mcompar_samplesSinceTrig_cmp_gt0000_cy<15>
    SLICE_X43Y62.X       Tilo                  0.194   ethernet_fifo_in_en
                                                       XLXI_6249/samplesSinceTrig_and0000_inv1
    SLICE_X41Y60.BX      net (fanout=1)        0.351   XLXI_6249/samplesSinceTrig_and0000_inv
    SLICE_X41Y60.COUT    Tbxcy                 0.502   ila0_trig0<124>
                                                       XLXI_6249/Mcount_samplesSinceTrig_cy<0>
                                                       XLXI_6249/Mcount_samplesSinceTrig_cy<1>
    SLICE_X41Y61.CIN     net (fanout=1)        0.000   XLXI_6249/Mcount_samplesSinceTrig_cy<1>
    SLICE_X41Y61.COUT    Tbyp                  0.086   ila0_trig0<126>
                                                       XLXI_6249/Mcount_samplesSinceTrig_cy<2>
                                                       XLXI_6249/Mcount_samplesSinceTrig_cy<3>
    SLICE_X41Y62.CIN     net (fanout=1)        0.000   XLXI_6249/Mcount_samplesSinceTrig_cy<3>
    SLICE_X41Y62.COUT    Tbyp                  0.086   ila0_trig0<128>
                                                       XLXI_6249/Mcount_samplesSinceTrig_cy<4>
                                                       XLXI_6249/Mcount_samplesSinceTrig_cy<5>
    SLICE_X41Y63.CIN     net (fanout=1)        0.000   XLXI_6249/Mcount_samplesSinceTrig_cy<5>
    SLICE_X41Y63.COUT    Tbyp                  0.086   ila0_trig0<130>
                                                       XLXI_6249/Mcount_samplesSinceTrig_cy<6>
                                                       XLXI_6249/Mcount_samplesSinceTrig_cy<7>
    SLICE_X41Y64.CIN     net (fanout=1)        0.000   XLXI_6249/Mcount_samplesSinceTrig_cy<7>
    SLICE_X41Y64.COUT    Tbyp                  0.086   ila0_trig0<132>
                                                       XLXI_6249/Mcount_samplesSinceTrig_cy<8>
                                                       XLXI_6249/Mcount_samplesSinceTrig_cy<9>
    SLICE_X41Y65.CIN     net (fanout=1)        0.000   XLXI_6249/Mcount_samplesSinceTrig_cy<9>
    SLICE_X41Y65.COUT    Tbyp                  0.086   ila0_trig0<134>
                                                       XLXI_6249/Mcount_samplesSinceTrig_cy<10>
                                                       XLXI_6249/Mcount_samplesSinceTrig_cy<11>
    SLICE_X41Y66.CIN     net (fanout=1)        0.000   XLXI_6249/Mcount_samplesSinceTrig_cy<11>
    SLICE_X41Y66.CLK     Tcinck                0.479   ila0_trig0<136>
                                                       XLXI_6249/Mcount_samplesSinceTrig_cy<12>
                                                       XLXI_6249/Mcount_samplesSinceTrig_xor<13>
                                                       XLXI_6249/samplesSinceTrig_13
    -------------------------------------------------  ---------------------------
    Total                                      4.930ns (3.129ns logic, 1.801ns route)
                                                       (63.5% logic, 36.5% route)

--------------------------------------------------------------------------------

================================================================================
Timing constraint: TS_XLXN_12781 = PERIOD TIMEGRP "XLXN_12781" TS_XLXN_12669 / 
2 HIGH 50%;
For more information, see Period Analysis in the Timing Closure User Guide (UG612).

 0 paths analyzed, 0 endpoints analyzed, 0 failing endpoints
 0 timing errors detected. (0 component switching limit errors)
 Minimum period is   2.499ns.
--------------------------------------------------------------------------------


Derived Constraint Report
Derived Constraints for TS_GEL_RXCLK
+-------------------------------+-------------+-------------+-------------+-------------+-------------+-------------+-------------+
|                               |   Period    |       Actual Period       |      Timing Errors        |      Paths Analyzed       |
|           Constraint          | Requirement |-------------+-------------|-------------+-------------|-------------+-------------|
|                               |             |   Direct    | Derivative  |   Direct    | Derivative  |   Direct    | Derivative  |
+-------------------------------+-------------+-------------+-------------+-------------+-------------+-------------+-------------+
|TS_GEL_RXCLK                   |      8.000ns|      7.912ns|      7.497ns|            0|            0|       102241|            0|
| TS_XLXN_12257                 |      5.000ns|          N/A|          N/A|            0|            0|            0|            0|
| TS_XLXN_12669                 |      5.333ns|      4.000ns|      4.998ns|            0|            0|            0|            0|
|  TS_XLXN_12781                |      2.667ns|      2.499ns|          N/A|            0|            0|            0|            0|
+-------------------------------+-------------+-------------+-------------+-------------+-------------+-------------+-------------+

Derived Constraints for TS_BUSBHS_02DN_05S
+-------------------------------+-------------+-------------+-------------+-------------+-------------+-------------+-------------+
|                               |   Period    |       Actual Period       |      Timing Errors        |      Paths Analyzed       |
|           Constraint          | Requirement |-------------+-------------|-------------+-------------|-------------+-------------|
|                               |             |   Direct    | Derivative  |   Direct    | Derivative  |   Direct    | Derivative  |
+-------------------------------+-------------+-------------+-------------+-------------+-------------+-------------+-------------+
|TS_BUSBHS_02DN_05S             |      5.000ns|      3.600ns|      2.500ns|            0|            0|            0|            0|
| TS_XLXN_15087                 |      5.000ns|      2.500ns|          N/A|            0|            0|            0|            0|
+-------------------------------+-------------+-------------+-------------+-------------+-------------+-------------+-------------+

Derived Constraints for TS_BUSBHS_02DP_04S
+-------------------------------+-------------+-------------+-------------+-------------+-------------+-------------+-------------+
|                               |   Period    |       Actual Period       |      Timing Errors        |      Paths Analyzed       |
|           Constraint          | Requirement |-------------+-------------|-------------+-------------|-------------+-------------|
|                               |             |   Direct    | Derivative  |   Direct    | Derivative  |   Direct    | Derivative  |
+-------------------------------+-------------+-------------+-------------+-------------+-------------+-------------+-------------+
|TS_BUSBHS_02DP_04S             |      5.000ns|      3.600ns|      5.122ns|            0|            3|            0|         3511|
| TS_XLXN_15087_0               |      5.000ns|      5.122ns|          N/A|            3|            0|         3511|            0|
+-------------------------------+-------------+-------------+-------------+-------------+-------------+-------------+-------------+

1 constraint not met.


Data Sheet report:
-----------------
All values displayed in nanoseconds (ns)

Clock to Setup on destination clock BUSBHS_02DN_05S
---------------+---------+---------+---------+---------+
               | Src:Rise| Src:Fall| Src:Rise| Src:Fall|
Source Clock   |Dest:Rise|Dest:Rise|Dest:Fall|Dest:Fall|
---------------+---------+---------+---------+---------+
BUSBHS_02DN_05S|    5.122|         |         |         |
BUSBHS_02DP_04S|    5.122|         |         |         |
---------------+---------+---------+---------+---------+

Clock to Setup on destination clock BUSBHS_02DP_04S
---------------+---------+---------+---------+---------+
               | Src:Rise| Src:Fall| Src:Rise| Src:Fall|
Source Clock   |Dest:Rise|Dest:Rise|Dest:Fall|Dest:Fall|
---------------+---------+---------+---------+---------+
BUSBHS_02DN_05S|    5.122|         |         |         |
BUSBHS_02DP_04S|    5.122|         |         |         |
---------------+---------+---------+---------+---------+

Clock to Setup on destination clock GEL_RXCLK
---------------+---------+---------+---------+---------+
               | Src:Rise| Src:Fall| Src:Rise| Src:Fall|
Source Clock   |Dest:Rise|Dest:Rise|Dest:Fall|Dest:Fall|
---------------+---------+---------+---------+---------+
GEL_RXCLK      |    7.912|         |         |         |
---------------+---------+---------+---------+---------+

Clock to Setup on destination clock SECONDARY_CLK
---------------+---------+---------+---------+---------+
               | Src:Rise| Src:Fall| Src:Rise| Src:Fall|
Source Clock   |Dest:Rise|Dest:Rise|Dest:Fall|Dest:Fall|
---------------+---------+---------+---------+---------+
SECONDARY_CLK  |    6.116|         |         |         |
---------------+---------+---------+---------+---------+


Timing summary:
---------------

Timing errors: 3  Score: 228  (Setup/Max: 228, Hold: 0)

Constraints cover 110628 paths, 0 nets, and 25094 connections

Design statistics:
   Minimum period:   9.789ns   (Maximum frequency: 102.155MHz)
   Maximum path delay from/to any node:   3.221ns


Analysis completed Fri Oct 07 16:13:05 2016 
--------------------------------------------------------------------------------

Trace Settings:
-------------------------
Trace Settings 

Peak Memory Usage: 376 MB



